error[E0008]: 7:17: type error, conflicting types `int` and `f64`
